// Jest Snapshot v1, https://goo.gl/fbAQLP

exports[`Logo Render correctly 1`] = `
<div
  className="sc-bdVaJa ftubKR"
/>
`;
